#-----------------------------------------------------------
# Vivado v2024.1 (64-bit)
# SW Build 5076996 on Wed May 22 18:37:14 MDT 2024
# IP Build 5075265 on Wed May 22 21:45:21 MDT 2024
# SharedData Build 5076995 on Wed May 22 18:29:18 MDT 2024
# Start of session at: Mon Dec  2 00:32:39 2024
# Process ID: 23216
# Current directory: C:/vivadoproject/project_32
# Command line: vivado.exe -gui_launcher_event rodinguilauncherevent15380 C:\vivadoproject\project_32\project_32.xpr
# Log file: C:/vivadoproject/project_32/vivado.log
# Journal file: C:/vivadoproject/project_32\vivado.jou
# Running On        :BOOK-4TE58G2232
# Platform          :Windows Server 2016 or Windows 10
# Operating System  :22631
# Processor Detail  :13th Gen Intel(R) Core(TM) i7-1360P
# CPU Frequency     :2611 MHz
# CPU Physical cores:12
# CPU Logical cores :16
# Host memory       :16718 MB
# Swap memory       :51539 MB
# Total Virtual     :68258 MB
# Available Virtual :56166 MB
#-----------------------------------------------------------
start_gui
open_project C:/vivadoproject/project_32/project_32.xpr
update_compile_order -fileset sources_1
launch_simulation
source tb_output1.tcl
close_sim
launch_simulation
source tb_output1.tcl
close_sim
launch_simulation
source tb_output1.tcl
close_sim
launch_simulation
source tb_output1.tcl
close_sim
launch_simulation
source tb_output1.tcl
close_sim
launch_simulation
source tb_output1.tcl
close_sim
launch_simulation
source tb_output1.tcl
close_sim
launch_simulation
source tb_output1.tcl
close_sim
launch_simulation
source tb_output1.tcl
close_sim
launch_simulation
source tb_output1.tcl
close_sim
launch_simulation
source tb_output1.tcl
close_sim
launch_simulation
source tb_output1.tcl
close_sim
launch_simulation
source tb_output1.tcl
close_sim
launch_simulation
source tb_output1.tcl
close_sim
launch_simulation
source tb_output1.tcl
close_sim
launch_simulation
source tb_output1.tcl
close_sim
launch_simulation
source tb_output1.tcl
close_sim
launch_simulation
source tb_output1.tcl
close_sim
launch_simulation
source tb_output1.tcl
close_sim
launch_simulation
source tb_output1.tcl
close_sim
launch_simulation
source tb_output1.tcl
close_sim
launch_simulation
source tb_output1.tcl
close_sim
launch_simulation
source tb_output1.tcl
close_sim
launch_simulation
source tb_output1.tcl
close_sim
close_project
create_project 12_2_2 C:/vivadoproject/12_2_2 -part xc7s6ftgb196-1
file mkdir C:/vivadoproject/12_2_2/12_2_2.srcs/sources_1/new
close [ open C:/vivadoproject/12_2_2/12_2_2.srcs/sources_1/new/a.v w ]
add_files C:/vivadoproject/12_2_2/12_2_2.srcs/sources_1/new/a.v
update_compile_order -fileset sources_1
close_project
create_project project_33 C:/vivadoproject/project_33 -part xc7s6ftgb196-1
file mkdir C:/vivadoproject/project_33/project_33.srcs/sources_1/new
close [ open C:/vivadoproject/project_33/project_33.srcs/sources_1/new/s.v w ]
add_files C:/vivadoproject/project_33/project_33.srcs/sources_1/new/s.v
update_compile_order -fileset sources_1
synth_design -rtl -rtl_skip_mlo -name rtl_1
launch_simulation
source stopwatch.tcl
close_sim
